chmod +x build.sh
./build.sh
=== Baking Real Bare-Metal Environment ===
Environment Armed. Ready for 'make'.
mkdir -p kernel
mkdir -p src
mkdir -p src
mkdir -p src
gcc -Wall -Wextra -std=c11 -ffreestanding -fno-stack-protector -fno-stack-check -fno-lto -fno-pic -m64 -march=x86-64 -mcmodel=kernel -mno-red-zone -fno-asynchronous-unwind-tables -I./include -I./kernel -I./kernel/drivers -I./kernel/fatfs -I./external/limine -I./external/CherryUSB/common -I./external/CherryUSB/core -I./external/CherryUSB/class/msc -I./external/CherryUSB/class/hid -I./external/CherryUSB/class/hub -include kernel/usb_config.h -DKERNEL_MODE -c kernel/kernel.c -o kernel/kernel.o
gcc -Wall -Wextra -std=c11 -ffreestanding -fno-stack-protector -fno-stack-check -fno-lto -fno-pic -m64 -march=x86-64 -mcmodel=kernel -mno-red-zone -fno-asynchronous-unwind-tables -I./include -I./kernel -I./kernel/drivers -I./kernel/fatfs -I./external/limine -I./external/CherryUSB/common -I./external/CherryUSB/core -I./external/CherryUSB/class/msc -I./external/CherryUSB/class/hid -I./external/CherryUSB/class/hub -include kernel/usb_config.h -DKERNEL_MODE -c src/app_ui.c -o src/app_ui.o
gcc -Wall -Wextra -std=c11 -ffreestanding -fno-stack-protector -fno-stack-check -fno-lto -fno-pic -m64 -march=x86-64 -mcmodel=kernel -mno-red-zone -fno-asynchronous-unwind-tables -I./include -I./kernel -I./kernel/drivers -I./kernel/fatfs -I./external/limine -I./external/CherryUSB/common -I./external/CherryUSB/core -I./external/CherryUSB/class/msc -I./external/CherryUSB/class/hid -I./external/CherryUSB/class/hub -include kernel/usb_config.h -DKERNEL_MODE -c src/chell.c -o src/chell.o
gcc -Wall -Wextra -std=c11 -ffreestanding -fno-stack-protector -fno-stack-check -fno-lto -fno-pic -m64 -march=x86-64 -mcmodel=kernel -mno-red-zone -fno-asynchronous-unwind-tables -I./include -I./kernel -I./kernel/drivers -I./kernel/fatfs -I./external/limine -I./external/CherryUSB/common -I./external/CherryUSB/core -I./external/CherryUSB/class/msc -I./external/CherryUSB/class/hid -I./external/CherryUSB/class/hub -include kernel/usb_config.h -DKERNEL_MODE -c src/lab.c -o src/lab.o
mkdir -p src
gcc -Wall -Wextra -std=c11 -ffreestanding -fno-stack-protector -fno-stack-check -fno-lto -fno-pic -m64 -march=x86-64 -mcmodel=kernel -mno-red-zone -fno-asynchronous-unwind-tables -I./include -I./kernel -I./kernel/drivers -I./kernel/fatfs -I./external/limine -I./external/CherryUSB/common -I./external/CherryUSB/core -I./external/CherryUSB/class/msc -I./external/CherryUSB/class/hid -I./external/CherryUSB/class/hub -include kernel/usb_config.h -DKERNEL_MODE -c src/installer.c -o src/installer.o
mkdir -p kernel
gcc -Wall -Wextra -std=c11 -ffreestanding -fno-stack-protector -fno-stack-check -fno-lto -fno-pic -m64 -march=x86-64 -mcmodel=kernel -mno-red-zone -fno-asynchronous-unwind-tables -I./include -I./kernel -I./kernel/drivers -I./kernel/fatfs -I./external/limine -I./external/CherryUSB/common -I./external/CherryUSB/core -I./external/CherryUSB/class/msc -I./external/CherryUSB/class/hid -I./external/CherryUSB/class/hub -include kernel/usb_config.h -DKERNEL_MODE -c kernel/nuklear_kernel_impl.c -o kernel/nuklear_kernel_impl.o
mkdir -p kernel
mkdir -p src
gcc -Wall -Wextra -std=c11 -ffreestanding -fno-stack-protector -fno-stack-check -fno-lto -fno-pic -m64 -march=x86-64 -mcmodel=kernel -mno-red-zone -fno-asynchronous-unwind-tables -I./include -I./kernel -I./kernel/drivers -I./kernel/fatfs -I./external/limine -I./external/CherryUSB/common -I./external/CherryUSB/core -I./external/CherryUSB/class/msc -I./external/CherryUSB/class/hid -I./external/CherryUSB/class/hub -include kernel/usb_config.h -DKERNEL_MODE -c kernel/stb_image_impl.c -o kernel/stb_image_impl.o
gcc -Wall -Wextra -std=c11 -ffreestanding -fno-stack-protector -fno-stack-check -fno-lto -fno-pic -m64 -march=x86-64 -mcmodel=kernel -mno-red-zone -fno-asynchronous-unwind-tables -I./include -I./kernel -I./kernel/drivers -I./kernel/fatfs -I./external/limine -I./external/CherryUSB/common -I./external/CherryUSB/core -I./external/CherryUSB/class/msc -I./external/CherryUSB/class/hid -I./external/CherryUSB/class/hub -include kernel/usb_config.h -DKERNEL_MODE -c src/nk_software_renderer.c -o src/nk_software_renderer.o
mkdir -p kernel
gcc -Wall -Wextra -std=c11 -ffreestanding -fno-stack-protector -fno-stack-check -fno-lto -fno-pic -m64 -march=x86-64 -mcmodel=kernel -mno-red-zone -fno-asynchronous-unwind-tables -I./include -I./kernel -I./kernel/drivers -I./kernel/fatfs -I./external/limine -I./external/CherryUSB/common -I./external/CherryUSB/core -I./external/CherryUSB/class/msc -I./external/CherryUSB/class/hid -I./external/CherryUSB/class/hub -include kernel/usb_config.h -DKERNEL_MODE -c kernel/syscall.c -o kernel/syscall.o
mkdir -p kernel
gcc -Wall -Wextra -std=c11 -ffreestanding -fno-stack-protector -fno-stack-check -fno-lto -fno-pic -m64 -march=x86-64 -mcmodel=kernel -mno-red-zone -fno-asynchronous-unwind-tables -I./include -I./kernel -I./kernel/drivers -I./kernel/fatfs -I./external/limine -I./external/CherryUSB/common -I./external/CherryUSB/core -I./external/CherryUSB/class/msc -I./external/CherryUSB/class/hid -I./external/CherryUSB/class/hub -include kernel/usb_config.h -DKERNEL_MODE -c kernel/sys_shell.c -o kernel/sys_shell.o
mkdir -p kernel
gcc -Wall -Wextra -std=c11 -ffreestanding -fno-stack-protector -fno-stack-check -fno-lto -fno-pic -m64 -march=x86-64 -mcmodel=kernel -mno-red-zone -fno-asynchronous-unwind-tables -I./include -I./kernel -I./kernel/drivers -I./kernel/fatfs -I./external/limine -I./external/CherryUSB/common -I./external/CherryUSB/core -I./external/CherryUSB/class/msc -I./external/CherryUSB/class/hid -I./external/CherryUSB/class/hub -include kernel/usb_config.h -DKERNEL_MODE -c kernel/usb_osal.c -o kernel/usb_osal.o
mkdir -p kernel
gcc -Wall -Wextra -std=c11 -ffreestanding -fno-stack-protector -fno-stack-check -fno-lto -fno-pic -m64 -march=x86-64 -mcmodel=kernel -mno-red-zone -fno-asynchronous-unwind-tables -I./include -I./kernel -I./kernel/drivers -I./kernel/fatfs -I./external/limine -I./external/CherryUSB/common -I./external/CherryUSB/core -I./external/CherryUSB/class/msc -I./external/CherryUSB/class/hid -I./external/CherryUSB/class/hub -include kernel/usb_config.h -DKERNEL_MODE -c kernel/usb_hal_ports.c -o kernel/usb_hal_ports.o
mkdir -p kernel
gcc -Wall -Wextra -std=c11 -ffreestanding -fno-stack-protector -fno-stack-check -fno-lto -fno-pic -m64 -march=x86-64 -mcmodel=kernel -mno-red-zone -fno-asynchronous-unwind-tables -I./include -I./kernel -I./kernel/drivers -I./kernel/fatfs -I./external/limine -I./external/CherryUSB/common -I./external/CherryUSB/core -I./external/CherryUSB/class/msc -I./external/CherryUSB/class/hid -I./external/CherryUSB/class/hub -include kernel/usb_config.h -DKERNEL_MODE -c kernel/storage.c -o kernel/storage.o
mkdir -p kernel
gcc -Wall -Wextra -std=c11 -ffreestanding -fno-stack-protector -fno-stack-check -fno-lto -fno-pic -m64 -march=x86-64 -mcmodel=kernel -mno-red-zone -fno-asynchronous-unwind-tables -I./include -I./kernel -I./kernel/drivers -I./kernel/fatfs -I./external/limine -I./external/CherryUSB/common -I./external/CherryUSB/core -I./external/CherryUSB/class/msc -I./external/CherryUSB/class/hid -I./external/CherryUSB/class/hub -include kernel/usb_config.h -DKERNEL_MODE -c kernel/input.c -o kernel/input.o
mkdir -p kernel
gcc -Wall -Wextra -std=c11 -ffreestanding -fno-stack-protector -fno-stack-check -fno-lto -fno-pic -m64 -march=x86-64 -mcmodel=kernel -mno-red-zone -fno-asynchronous-unwind-tables -I./include -I./kernel -I./kernel/drivers -I./kernel/fatfs -I./external/limine -I./external/CherryUSB/common -I./external/CherryUSB/core -I./external/CherryUSB/class/msc -I./external/CherryUSB/class/hid -I./external/CherryUSB/class/hub -include kernel/usb_config.h -DKERNEL_MODE -c kernel/usb_hal.c -o kernel/usb_hal.o
mkdir -p kernel
gcc -Wall -Wextra -std=c11 -ffreestanding -fno-stack-protector -fno-stack-check -fno-lto -fno-pic -m64 -march=x86-64 -mcmodel=kernel -mno-red-zone -fno-asynchronous-unwind-tables -I./include -I./kernel -I./kernel/drivers -I./kernel/fatfs -I./external/limine -I./external/CherryUSB/common -I./external/CherryUSB/core -I./external/CherryUSB/class/msc -I./external/CherryUSB/class/hid -I./external/CherryUSB/class/hub -include kernel/usb_config.h -DKERNEL_MODE -c kernel/vfs.c -o kernel/vfs.o
mkdir -p kernel
gcc -Wall -Wextra -std=c11 -ffreestanding -fno-stack-protector -fno-stack-check -fno-lto -fno-pic -m64 -march=x86-64 -mcmodel=kernel -mno-red-zone -fno-asynchronous-unwind-tables -I./include -I./kernel -I./kernel/drivers -I./kernel/fatfs -I./external/limine -I./external/CherryUSB/common -I./external/CherryUSB/core -I./external/CherryUSB/class/msc -I./external/CherryUSB/class/hid -I./external/CherryUSB/class/hub -include kernel/usb_config.h -DKERNEL_MODE -c kernel/scheduler.c -o kernel/scheduler.o
mkdir -p kernel
gcc -Wall -Wextra -std=c11 -ffreestanding -fno-stack-protector -fno-stack-check -fno-lto -fno-pic -m64 -march=x86-64 -mcmodel=kernel -mno-red-zone -fno-asynchronous-unwind-tables -I./include -I./kernel -I./kernel/drivers -I./kernel/fatfs -I./external/limine -I./external/CherryUSB/common -I./external/CherryUSB/core -I./external/CherryUSB/class/msc -I./external/CherryUSB/class/hid -I./external/CherryUSB/class/hub -include kernel/usb_config.h -DKERNEL_MODE -c kernel/serial.c -o kernel/serial.o
mkdir -p kernel
gcc -Wall -Wextra -std=c11 -ffreestanding -fno-stack-protector -fno-stack-check -fno-lto -fno-pic -m64 -march=x86-64 -mcmodel=kernel -mno-red-zone -fno-asynchronous-unwind-tables -I./include -I./kernel -I./kernel/drivers -I./kernel/fatfs -I./external/limine -I./external/CherryUSB/common -I./external/CherryUSB/core -I./external/CherryUSB/class/msc -I./external/CherryUSB/class/hid -I./external/CherryUSB/class/hub -include kernel/usb_config.h -DKERNEL_MODE -c kernel/i18n.c -o kernel/i18n.o
kernel/scheduler.c: Assembler messages:
kernel/scheduler.c:65: Error: operand size mismatch for `int'
make: *** [Makefile:56: kernel/scheduler.o] Error 1
make: *** Waiting for unfinished jobs....
In file included from ./include/nuklear.h:8,
                 from ./include/pro_os.h:8,
                 from kernel/nuklear_kernel_impl.c:196:
./include/nuklear_lib.h:7810:1: warning: ‘nk_file_load’ defined but not used [-Wunused-function]
 7810 | nk_file_load(const char* path, nk_size* siz, const struct nk_allocator *alloc)
      | ^~~~~~~~~~~~
