chmod +x build.sh
./build.sh
=== Baking Real Bare-Metal Environment ===
Environment Armed. Ready for 'make'.
mkdir -p kernel
mkdir -p kernel
mkdir -p src
gcc -Wall -Wextra -Werror -std=c11 -ffreestanding -fno-stack-protector -fno-stack-check -fno-lto -fno-pic -m64 -march=x86-64 -mcmodel=kernel -mno-red-zone -fno-asynchronous-unwind-tables -I./include -isystem ./include -I./kernel -I./kernel/drivers -I./kernel/fatfs -isystem ./external/limine -isystem ./external/CherryUSB/common -isystem ./external/CherryUSB/core -isystem ./external/CherryUSB/class/msc -isystem ./external/CherryUSB/class/hid -isystem ./external/CherryUSB/class/hub -include kernel/usb_config.h -DKERNEL_MODE -Wno-unused-function -x assembler-with-cpp -c kernel/entry.s -o kernel/entry.o
gcc -Wall -Wextra -Werror -std=c11 -ffreestanding -fno-stack-protector -fno-stack-check -fno-lto -fno-pic -m64 -march=x86-64 -mcmodel=kernel -mno-red-zone -fno-asynchronous-unwind-tables -I./include -isystem ./include -I./kernel -I./kernel/drivers -I./kernel/fatfs -isystem ./external/limine -isystem ./external/CherryUSB/common -isystem ./external/CherryUSB/core -isystem ./external/CherryUSB/class/msc -isystem ./external/CherryUSB/class/hid -isystem ./external/CherryUSB/class/hub -include kernel/usb_config.h -DKERNEL_MODE -Wno-unused-function -c kernel/kernel.c -o kernel/kernel.o
gcc -Wall -Wextra -Werror -std=c11 -ffreestanding -fno-stack-protector -fno-stack-check -fno-lto -fno-pic -m64 -march=x86-64 -mcmodel=kernel -mno-red-zone -fno-asynchronous-unwind-tables -I./include -isystem ./include -I./kernel -I./kernel/drivers -I./kernel/fatfs -isystem ./external/limine -isystem ./external/CherryUSB/common -isystem ./external/CherryUSB/core -isystem ./external/CherryUSB/class/msc -isystem ./external/CherryUSB/class/hid -isystem ./external/CherryUSB/class/hub -include kernel/usb_config.h -DKERNEL_MODE -Wno-unused-function -c src/app_ui.c -o src/app_ui.o
mkdir -p src
gcc -Wall -Wextra -Werror -std=c11 -ffreestanding -fno-stack-protector -fno-stack-check -fno-lto -fno-pic -m64 -march=x86-64 -mcmodel=kernel -mno-red-zone -fno-asynchronous-unwind-tables -I./include -isystem ./include -I./kernel -I./kernel/drivers -I./kernel/fatfs -isystem ./external/limine -isystem ./external/CherryUSB/common -isystem ./external/CherryUSB/core -isystem ./external/CherryUSB/class/msc -isystem ./external/CherryUSB/class/hid -isystem ./external/CherryUSB/class/hub -include kernel/usb_config.h -DKERNEL_MODE -Wno-unused-function -c src/chell.c -o src/chell.o
mkdir -p src
gcc -Wall -Wextra -Werror -std=c11 -ffreestanding -fno-stack-protector -fno-stack-check -fno-lto -fno-pic -m64 -march=x86-64 -mcmodel=kernel -mno-red-zone -fno-asynchronous-unwind-tables -I./include -isystem ./include -I./kernel -I./kernel/drivers -I./kernel/fatfs -isystem ./external/limine -isystem ./external/CherryUSB/common -isystem ./external/CherryUSB/core -isystem ./external/CherryUSB/class/msc -isystem ./external/CherryUSB/class/hid -isystem ./external/CherryUSB/class/hub -include kernel/usb_config.h -DKERNEL_MODE -Wno-unused-function -c src/lab.c -o src/lab.o
kernel/kernel.c: In function ‘init_sse’:
kernel/kernel.c:39:5: error: invalid 'asm': operand number out of range
   39 |     __asm__ volatile("mov %0, %%cr4" : : : "memory"); // Corrected to avoid clobbering registers improperly
      |     ^~~~~~~
make: *** [Makefile:41: kernel/kernel.o] Error 1
make: *** Waiting for unfinished jobs....
